2025-09-24 08:42:16,103 INFO   検証元シナリオ。バージョン：[Japan Connectathon 2025 - Tokyo]、付帯情報：[2025 日本コネクタソン]
2025-09-24 08:42:16,103 INFO   テストが開始されました。シナリオID：[IHEJ-SWF_PPSM]、対象アクタ：[AM]
2025-09-24 08:42:16,103 INFO   
2025-09-24 08:42:18,264 INFO   ステップ1が実行されました。【送信】：AM、【受信】：PPSM、【説明】：AMからMPPSへ検査開始を通知
2025-09-24 08:42:18,264 INFO   受信の実行（コマンド：N-CREATE-RSP）
2025-09-24 08:43:04,906 INFO   
2025-09-24 08:42:19,100 INFO   Dicom3 Script Runner Server Start
2025-09-24 08:42:19,411 INFO   change ImplementationClassUID. ClassUID=1.2.392.200036.8120.101.9
2025-09-24 08:42:19,411 INFO   change ImplementationVersionName. VersionName=Monocube1.0.0.0
2025-09-24 08:42:19,447 INFO   Recieve Start
2025-09-24 08:43:03,817 INFO   (0000,0000) GroupLength,UL,*1,#4,[134]
2025-09-24 08:43:03,822 INFO   (0000,0002) AffectedSOPClassUID,UI,*1,#24,[1.2.840.10008.3.1.2.3.3]
2025-09-24 08:43:03,827 INFO   (0000,0100) CommandField,US,*1,#2,[320]
2025-09-24 08:43:03,828 INFO   (0000,0110) MessageID,US,*1,#2,[1]
2025-09-24 08:43:03,828 INFO   (0000,0800) DataSetType,US,*1,#2,[1]
2025-09-24 08:43:03,829 INFO   (0000,1000) AffectedSOPInstanceUID,UI,*1,#64,[1.2.826.0.1.3680043.8.498.55699308582736809275636713137970247717]
2025-09-24 08:43:03,860 INFO   P10ファイル保存[C:\Program Files (x86)\IHEJ\ScenarioLauncher\BIN\Work\20250924_000004\1\20250924_084303856_SCP_REQ.dcm]
2025-09-24 08:43:04,065 INFO   Recieve End
2025-09-24 08:43:04,365 INFO   (0000,0100) CommandField,US,*1,#2,[33088]
2025-09-24 08:43:04,367 INFO   (0000,1000) AffectedSOPInstanceUID,UI,*1,#64,[1.2.826.0.1.3680043.8.498.55699308582736809275636713137970247717]
2025-09-24 08:43:04,485 INFO   Send Start
2025-09-24 08:43:04,486 INFO   -----------------------------------------------
2025-09-24 08:43:04,495 INFO   (0000,0002) AffectedSOPClassUID,UI,*1,#24,[1.2.840.10008.3.1.2.3.3]
2025-09-24 08:43:04,496 INFO   (0000,0120) MessageIDToBeingRespondedTo,US,*1,#2,[1]
2025-09-24 08:43:04,496 INFO   (0000,0900) Status,US,*1,#2,[0]
2025-09-24 08:43:04,498 INFO   (0000,0800) DataSetType,US,*1,#2,[0]
2025-09-24 08:43:04,499 INFO   Responce Send[1]
2025-09-24 08:43:04,499 INFO   P10ファイル保存[C:\Program Files (x86)\IHEJ\ScenarioLauncher\BIN\Work\20250924_000004\1\20250924_084304499_SCP_RES_0.dcm]
2025-09-24 08:43:04,507 INFO   Send End
2025-09-24 08:43:04,629 INFO   Dicom3 Script Runner Server End

2025-09-24 08:43:04,908 INFO   ============ステップ1実行結果============
2025-09-24 08:43:04,908 INFO   アプリケーション情報：実行回数指定が無いため、受信を1回実行します。
2025-09-24 08:43:04,908 INFO   アプリケーション情報：ポート (11115) で待ち受けを開始します。
2025-09-24 08:43:04,908 INFO   アプリケーション情報：受信電文を (C:\Program Files (x86)\IHEJ\ScenarioLauncher\BIN\Work\20250924_000004\1\20250924_084303856_SCP_REQ.dcm) に保存しました。
2025-09-24 08:43:04,908 INFO   アプリケーション情報：指定位置 (0000,0100) のコマンドに (33088) をセットします。
2025-09-24 08:43:04,908 INFO   アプリケーション情報：指定位置 (0000,1000) のコマンドに (1.2.826.0.1.3680043.8.498.55699308582736809275636713137970247717) をセットします。
2025-09-24 08:43:04,908 INFO   アプリケーション情報：編集元送信対象ファイル (C:\Program Files (x86)\IHEJ\ScenarioLauncher\BIN\Work\20250924_000004\1\20250924_084303856_SCP_REQ.dcm)
2025-09-24 08:43:04,908 INFO   アプリケーション情報：送信対象ファイル (C:\Program Files (x86)\IHEJ\ScenarioLauncher\BIN\Work\20250924_000004\1\20250924_084304435_RCV_RES.dcm)
2025-09-24 08:43:04,908 INFO   アプリケーション情報：ポート (11115) をクローズしました。
2025-09-24 08:43:04,908 INFO   =========================================
2025-09-24 08:43:04,910 INFO   電文実行結果 総ファイル数=2
2025-09-24 08:43:04,910 INFO   ============電文20250924_084303856_SCP_REQ.result============
2025-09-24 08:43:04,910 INFO   バリデーションファイルパス：C:\Program Files (x86)\IHEJ\ScenarioLauncher\BIN\Scenario\RAD\Scenario04\Scenario\..\..\Common_dcm\TelegramValidation\MPPS_INPROGRESS-RQ.xml
2025-09-24 08:43:04,910 INFO   【メッセージ】 電文バリデータ： 
                               【電文ファイル】 C:\Program Files (x86)\IHEJ\ScenarioLauncher\BIN\Work\20250924_000004\1\20250924_084303856_SCP_REQ.dcm 
                               【電文位置】 0040,0252 
                               【電文値】 IN PROGRESS 
                               【説明】 値が設定されています。 

2025-09-24 08:43:04,910 INFO   【メッセージ】 電文バリデータ： 
                               【電文ファイル】 C:\Program Files (x86)\IHEJ\ScenarioLauncher\BIN\Work\20250924_000004\1\20250924_084303856_SCP_REQ.dcm 
                               【電文位置】 0040,0252 
                               【電文値】 IN PROGRESS 
                               【比較先 電文位置】 IN PROGRESS 
                               【比較先 電文値】 IN PROGRESS 
                               【説明】 値 [IN PROGRESS] は次の値 [IN PROGRESS] と一致します。 

2025-09-24 08:43:04,910 INFO   =========================================
2025-09-24 08:43:04,912 INFO   ============電文20250924_084304499_SCP_RES_0.result============
2025-09-24 08:43:04,912 INFO   =========================================
2025-09-24 08:43:05,992 INFO   ステップ4が実行されました。【送信】：AM、【受信】：PPSM、【説明】：AMからMPPSへ検査終了を通知
2025-09-24 08:43:05,992 INFO   受信の実行（コマンド：N-SET-RSP）
2025-09-24 08:43:07,849 INFO   
2025-09-24 08:43:06,577 INFO   Dicom3 Script Runner Server Start
2025-09-24 08:43:06,577 INFO   change ImplementationClassUID. ClassUID=1.2.392.200036.8120.101.9
2025-09-24 08:43:06,577 INFO   change ImplementationVersionName. VersionName=Monocube1.0.0.0
2025-09-24 08:43:06,577 INFO   Recieve Start
2025-09-24 08:43:07,683 INFO   (0000,0000) GroupLength,UL,*1,#4,[134]
2025-09-24 08:43:07,683 INFO   (0000,0003) RequestedSOPClassUID,UI,*1,#24,[1.2.840.10008.3.1.2.3.3]
2025-09-24 08:43:07,683 INFO   (0000,0100) CommandField,US,*1,#2,[288]
2025-09-24 08:43:07,684 INFO   (0000,0110) MessageID,US,*1,#2,[1]
2025-09-24 08:43:07,684 INFO   (0000,0800) DataSetType,US,*1,#2,[1]
2025-09-24 08:43:07,684 INFO   (0000,1001) RequestedSOPInstanceUID,UI,*1,#64,[1.2.826.0.1.3680043.8.498.55699308582736809275636713137970247717]
2025-09-24 08:43:07,685 INFO   P10ファイル保存[C:\Program Files (x86)\IHEJ\ScenarioLauncher\BIN\Work\20250924_000004\4\20250924_084307685_SCP_REQ.dcm]
2025-09-24 08:43:07,687 INFO   Recieve End
2025-09-24 08:43:07,697 INFO   (0000,0100) CommandField,US,*1,#2,[33056]
2025-09-24 08:43:07,727 INFO   Send Start
2025-09-24 08:43:07,727 INFO   -----------------------------------------------
2025-09-24 08:43:07,728 INFO   (0000,0002) AffectedSOPClassUID,UI,*1,#24,[1.2.840.10008.3.1.2.3.3]
2025-09-24 08:43:07,728 INFO   (0000,0120) MessageIDToBeingRespondedTo,US,*1,#2,[1]
2025-09-24 08:43:07,728 INFO   (0000,0900) Status,US,*1,#2,[0]
2025-09-24 08:43:07,729 INFO   (0000,1000) AffectedSOPInstanceUID,UI,*1,#64,[1.2.826.0.1.3680043.8.498.55699308582736809275636713137970247717]
2025-09-24 08:43:07,730 INFO   (0000,0800) DataSetType,US,*1,#2,[0]
2025-09-24 08:43:07,731 INFO   Responce Send[1]
2025-09-24 08:43:07,731 INFO   P10ファイル保存[C:\Program Files (x86)\IHEJ\ScenarioLauncher\BIN\Work\20250924_000004\4\20250924_084307731_SCP_RES_0.dcm]
2025-09-24 08:43:07,732 INFO   Send End
2025-09-24 08:43:07,838 INFO   Dicom3 Script Runner Server End

2025-09-24 08:43:07,849 INFO   ============ステップ4実行結果============
2025-09-24 08:43:07,849 INFO   アプリケーション情報：実行回数指定が無いため、受信を1回実行します。
2025-09-24 08:43:07,849 INFO   アプリケーション情報：ポート (11115) で待ち受けを開始します。
2025-09-24 08:43:07,849 INFO   アプリケーション情報：受信電文を (C:\Program Files (x86)\IHEJ\ScenarioLauncher\BIN\Work\20250924_000004\4\20250924_084307685_SCP_REQ.dcm) に保存しました。
2025-09-24 08:43:07,849 INFO   アプリケーション情報：指定位置 (0000,0100) のコマンドに (33056) をセットします。
2025-09-24 08:43:07,849 INFO   アプリケーション情報：編集元送信対象ファイル (C:\Program Files (x86)\IHEJ\ScenarioLauncher\BIN\Work\20250924_000004\4\20250924_084307685_SCP_REQ.dcm)
2025-09-24 08:43:07,849 INFO   アプリケーション情報：送信対象ファイル (C:\Program Files (x86)\IHEJ\ScenarioLauncher\BIN\Work\20250924_000004\4\20250924_084307726_RCV_RES.dcm)
2025-09-24 08:43:07,849 INFO   アプリケーション情報：ポート (11115) をクローズしました。
2025-09-24 08:43:07,849 INFO   =========================================
2025-09-24 08:43:07,849 INFO   電文実行結果 総ファイル数=2
2025-09-24 08:43:07,849 INFO   ============電文20250924_084307685_SCP_REQ.result============
2025-09-24 08:43:07,860 INFO   バリデーションファイルパス：C:\Program Files (x86)\IHEJ\ScenarioLauncher\BIN\Scenario\RAD\Scenario04\Scenario\..\..\Common_dcm\TelegramValidation\MPPS_COMPLETED-RQ.xml
2025-09-24 08:43:07,860 INFO   【メッセージ】 電文バリデータ： 
                               【電文ファイル】 C:\Program Files (x86)\IHEJ\ScenarioLauncher\BIN\Work\20250924_000004\4\20250924_084307685_SCP_REQ.dcm 
                               【電文位置】 0040,0252 
                               【電文値】 COMPLETED 
                               【比較先 電文位置】 COMPLETED 
                               【比較先 電文値】 COMPLETED 
                               【説明】 値 [COMPLETED] は次の値 [COMPLETED] と一致します。 

2025-09-24 08:43:07,860 INFO   【メッセージ】 電文バリデータ： 
                               【電文ファイル】 C:\Program Files (x86)\IHEJ\ScenarioLauncher\BIN\Work\20250924_000004\4\20250924_084307685_SCP_REQ.dcm 
                               【電文位置】 0000,1001 
                               【電文値】 1.2.826.0.1.3680043.8.498.55699308582736809275636713137970247717 
                               【比較先 電文位置】 TV_MPPS_INSTANCE 
                               【比較先 電文値】 1.2.826.0.1.3680043.8.498.55699308582736809275636713137970247717 
                               【説明】 値 [1.2.826.0.1.3680043.8.498.55699308582736809275636713137970247717] は次の値 [1.2.826.0.1.3680043.8.498.55699308582736809275636713137970247717] と一致します。 

2025-09-24 08:43:07,860 INFO   =========================================
2025-09-24 08:43:07,860 INFO   ============電文20250924_084307731_SCP_RES_0.result============
2025-09-24 08:43:07,860 INFO   =========================================
2025-09-24 08:43:09,057 INFO   ============シナリオ検証結果============
2025-09-24 08:43:09,058 INFO   【メッセージ】 シナリオバリデータ： 
                               【ステップ】 1 
                               【送/受】 REQ 
                               【電文位置】 0000,1000 
                               【電文値】 1.2.826.0.1.3680043.8.498.55699308582736809275636713137970247717 
                               【比較先 ステップ】 4 
                               【比較先 送/受】 RES 
                               【比較先 電文位置】 0000,1000 
                               【比較先 電文値】 1.2.826.0.1.3680043.8.498.55699308582736809275636713137970247717 
                               【説明】 値 [1.2.826.0.1.3680043.8.498.55699308582736809275636713137970247717] は次の値 [1.2.826.0.1.3680043.8.498.55699308582736809275636713137970247717] と一致します。 

2025-09-24 08:43:09,058 INFO   ========================================
2025-09-24 08:43:09,058 INFO   すべてのテストステップが終了しました。
